qemu-system-x86_64: warning: TCG doesn't support requested feature: CPUID.01H:ECX.fma [bit 12]
qemu-system-x86_64: warning: TCG doesn't support requested feature: CPUID.01H:ECX.pcid [bit 17]
qemu-system-x86_64: warning: TCG doesn't support requested feature: CPUID.01H:ECX.x2apic [bit 21]
qemu-system-x86_64: warning: TCG doesn't support requested feature: CPUID.01H:ECX.tsc-deadline [bit 24]
qemu-system-x86_64: warning: TCG doesn't support requested feature: CPUID.01H:ECX.avx [bit 28]
qemu-system-x86_64: warning: TCG doesn't support requested feature: CPUID.01H:ECX.f16c [bit 29]
qemu-system-x86_64: warning: TCG doesn't support requested feature: CPUID.07H:EBX.hle [bit 4]
qemu-system-x86_64: warning: TCG doesn't support requested feature: CPUID.07H:EBX.avx2 [bit 5]
qemu-system-x86_64: warning: TCG doesn't support requested feature: CPUID.07H:EBX.invpcid [bit 10]
qemu-system-x86_64: warning: TCG doesn't support requested feature: CPUID.07H:EBX.rtm [bit 11]
qemu-system-x86_64: warning: TCG doesn't support requested feature: CPUID.07H:EBX.rdseed [bit 18]
qemu-system-x86_64: warning: TCG doesn't support requested feature: CPUID.80000001H:ECX.3dnowprefetch [bit 8]
qemu-system-x86_64: warning: TCG doesn't support requested feature: CPUID.0DH:EAX.xsavec [bit 1]
c[?7l[2J[0mSeaBIOS (version 1.13.0-1ubuntu1.1)


iPXE (http://ipxe.org) 00:03.0 CA00 PCI2.10 PnP PMM+3FF8C8B0+3FECC8B0 CA00
Press Ctrl-B to configure iPXE (PCI 00:03.0)...                                                                               


Booting from ROM..c[?7l[2JNo EFI environment detected.
early console in extract_kernel
input_data: 0x00000000023d22c4
input_len: 0x0000000000a64d74
output: 0x0000000001000000
output_len: 0x0000000001df87c0
kernel_total_size: 0x0000000001e30000
needed_size: 0x0000000002000000
trampoline_32bit: 0x0000000000000000


KASLR disabled: 'nokaslr' on cmdline.


Decompressing Linux... Parsing ELF... No relocation needed... done.
Booting the kernel (entry_offset: 0x0000000001134c30).
[    0.000000] Linux version 6.16.0-rc3-g17bbbefbf671-dirty (devuser@3676a19a5a57) (Ubuntu clang version 16.0.6 (++20231112100455+7cbf1a259152-1~exp1~20231112100542.106), Ubuntu LLD 15.0.7) #7 SMP PREEMPT_DYNAMIC Fri Aug  8 01:34:16 UTC 2025
[    0.000000] Command line: console=ttyS0 rdinit=/init earlyprintk=ttyS0 nokaslr
[    0.000000] BIOS-provided physical RAM map:
[    0.000000] BIOS-e820: [mem 0x0000000000000000-0x000000000009fbff] usable
[    0.000000] BIOS-e820: [mem 0x000000000009fc00-0x000000000009ffff] reserved
[    0.000000] BIOS-e820: [mem 0x00000000000f0000-0x00000000000fffff] reserved
[    0.000000] BIOS-e820: [mem 0x0000000000100000-0x000000003ffdffff] usable
[    0.000000] BIOS-e820: [mem 0x000000003ffe0000-0x000000003fffffff] reserved
[    0.000000] BIOS-e820: [mem 0x00000000fffc0000-0x00000000ffffffff] reserved
[    0.000000] printk: legacy bootconsole [earlyser0] enabled
[    0.000000] NX (Execute Disable) protection: active
[    0.000000] APIC: Static calls initialized
[    0.000000] SMBIOS 2.8 present.
[    0.000000] DMI: QEMU Standard PC (i440FX + PIIX, 1996), BIOS 1.13.0-1ubuntu1.1 04/01/2014
[    0.000000] DMI: Memory slots populated: 1/1
[    0.000000] last_pfn = 0x3ffe0 max_arch_pfn = 0x400000000
[    0.000000] MTRR map: 4 entries (3 fixed + 1 variable; max 19), built from 8 variable MTRRs
[    0.000000] x86/PAT: Configuration [0-7]: WB  WC  UC- UC  WB  WP  UC- WT  
[    0.000000] found SMP MP-table at [mem 0x000f5ca0-0x000f5caf]
[    0.000000] RAMDISK: [mem 0x3ffd1000-0x3ffdffff]
[    0.000000] ACPI: Early table checksum verification disabled
[    0.000000] ACPI: RSDP 0x00000000000F5AD0 000014 (v00 BOCHS )
[    0.000000] ACPI: RSDT 0x000000003FFE156F 000030 (v01 BOCHS  BXPCRSDT 00000001 BXPC 00000001)
[    0.000000] ACPI: FACP 0x000000003FFE144B 000074 (v01 BOCHS  BXPCFACP 00000001 BXPC 00000001)
[    0.000000] ACPI: DSDT 0x000000003FFE0040 00140B (v01 BOCHS  BXPCDSDT 00000001 BXPC 00000001)
[    0.000000] ACPI: FACS 0x000000003FFE0000 000040
[    0.000000] ACPI: APIC 0x000000003FFE14BF 000078 (v01 BOCHS  BXPCAPIC 00000001 BXPC 00000001)
[    0.000000] ACPI: HPET 0x000000003FFE1537 000038 (v01 BOCHS  BXPCHPET 00000001 BXPC 00000001)
[    0.000000] ACPI: Reserving FACP table memory at [mem 0x3ffe144b-0x3ffe14be]
[    0.000000] ACPI: Reserving DSDT table memory at [mem 0x3ffe0040-0x3ffe144a]
[    0.000000] ACPI: Reserving FACS table memory at [mem 0x3ffe0000-0x3ffe003f]
[    0.000000] ACPI: Reserving APIC table memory at [mem 0x3ffe14bf-0x3ffe1536]
[    0.000000] ACPI: Reserving HPET table memory at [mem 0x3ffe1537-0x3ffe156e]
[    0.000000] No NUMA configuration found
[    0.000000] Faking a node at [mem 0x0000000000000000-0x000000003ffdffff]
[    0.000000] NODE_DATA(0) allocated [mem 0x3ffcd900-0x3ffd0fff]
[    0.000000] Zone ranges:
[    0.000000]   DMA      [mem 0x0000000000001000-0x0000000000ffffff]
[    0.000000]   DMA32    [mem 0x0000000001000000-0x000000003ffdffff]
[    0.000000]   Normal   empty
[    0.000000] Movable zone start for each node
[    0.000000] Early memory node ranges
[    0.000000]   node   0: [mem 0x0000000000001000-0x000000000009efff]
[    0.000000]   node   0: [mem 0x0000000000100000-0x000000003ffdffff]
[    0.000000] Initmem setup node 0 [mem 0x0000000000001000-0x000000003ffdffff]
[    0.000000] On node 0, zone DMA: 1 pages in unavailable ranges
[    0.000000] On node 0, zone DMA: 97 pages in unavailable ranges
[    0.000000] On node 0, zone DMA32: 32 pages in unavailable ranges
[    0.000000] ACPI: PM-Timer IO Port: 0x608
[    0.000000] ACPI: LAPIC_NMI (acpi_id[0xff] dfl dfl lint[0x1])
[    0.000000] IOAPIC[0]: apic_id 0, version 32, address 0xfec00000, GSI 0-23
[    0.000000] ACPI: INT_SRC_OVR (bus 0 bus_irq 0 global_irq 2 dfl dfl)
[    0.000000] ACPI: INT_SRC_OVR (bus 0 bus_irq 5 global_irq 5 high level)
[    0.000000] ACPI: INT_SRC_OVR (bus 0 bus_irq 9 global_irq 9 high level)
[    0.000000] ACPI: INT_SRC_OVR (bus 0 bus_irq 10 global_irq 10 high level)
[    0.000000] ACPI: INT_SRC_OVR (bus 0 bus_irq 11 global_irq 11 high level)
[    0.000000] ACPI: Using ACPI (MADT) for SMP configuration information
[    0.000000] ACPI: HPET id: 0x8086a201 base: 0xfed00000
[    0.000000] CPU topo: Max. logical packages:   1
[    0.000000] CPU topo: Max. logical dies:       1
[    0.000000] CPU topo: Max. dies per package:   1
[    0.000000] CPU topo: Max. threads per core:   1
[    0.000000] CPU topo: Num. cores per package:     1
[    0.000000] CPU topo: Num. threads per package:   1
[    0.000000] CPU topo: Allowing 1 present CPUs plus 0 hotplug CPUs
[    0.000000] PM: hibernation: Registered nosave memory: [mem 0x00000000-0x00000fff]
[    0.000000] PM: hibernation: Registered nosave memory: [mem 0x0009f000-0x000fffff]
[    0.000000] [mem 0x40000000-0xfffbffff] available for PCI devices
[    0.000000] Booting paravirtualized kernel on bare hardware
[    0.000000] clocksource: refined-jiffies: mask: 0xffffffff max_cycles: 0xffffffff, max_idle_ns: 1910969940391419 ns
[    0.000000] WARNING: WARNING: Bad or missing .orc_unwind table.  Disabling unwinder.
[    0.000000] setup_percpu: NR_CPUS:64 nr_cpumask_bits:1 nr_cpu_ids:1 nr_node_ids:1
[    0.000000] percpu: Embedded 43 pages/cpu s137240 r8192 d30696 u2097152
[    0.000000] Kernel command line: console=ttyS0 rdinit=/init earlyprintk=ttyS0 nokaslr
[    0.000000] Unknown kernel command line parameters "nokaslr", will be passed to user space.
[    0.000000] random: crng init done
[    0.000000] printk: log buffer data + meta data: 262144 + 917504 = 1179648 bytes
[    0.000000] Dentry cache hash table entries: 131072 (order: 8, 1048576 bytes, linear)
[    0.000000] Inode-cache hash table entries: 65536 (order: 7, 524288 bytes, linear)
[    0.000000] Fallback order for Node 0: 0 
[    0.000000] Built 1 zonelists, mobility grouping on.  Total pages: 262014
[    0.000000] Policy zone: DMA32
[    0.000000] mem auto-init: stack:all(zero), heap alloc:on, heap free:on
[    0.000000] mem auto-init: clearing system memory may take some time...
[    0.000000] **********************************************************
[    0.000000] **   NOTICE NOTICE NOTICE NOTICE NOTICE NOTICE NOTICE   **
[    0.000000] **                                                      **
[    0.000000] ** This system shows unhashed kernel memory addresses   **
[    0.000000] ** via the console, logs, and other interfaces. This    **
[    0.000000] ** might reduce the security of your system.            **
[    0.000000] **                                                      **
[    0.000000] ** If you see this message and you are not debugging    **
[    0.000000] ** the kernel, report this immediately to your system   **
[    0.000000] ** administrator!                                       **
[    0.000000] **                                                      **
[    0.000000] **   NOTICE NOTICE NOTICE NOTICE NOTICE NOTICE NOTICE   **
[    0.000000] **********************************************************
[    0.000000] SLUB: HWalign=64, Order=0-3, MinObjects=0, CPUs=1, Nodes=1
[    0.000000] Kernel/User page tables isolation: enabled
Poking KASLR using RDRAND RDTSC...
[    0.000000] Dynamic Preempt: voluntary
[    0.000000] rcu: Preemptible hierarchical RCU implementation.
[    0.000000] rcu: 	RCU event tracing is enabled.
[    0.000000] rcu: 	RCU restricting CPUs from NR_CPUS=64 to nr_cpu_ids=1.
[    0.000000] 	Trampoline variant of Tasks RCU enabled.
[    0.000000] rcu: RCU calculated value of scheduler-enlistment delay is 100 jiffies.
[    0.000000] rcu: Adjusting geometry for rcu_fanout_leaf=16, nr_cpu_ids=1
[    0.000000] RCU Tasks: Setting shift to 0 and lim to 1 rcu_task_cb_adjust=1 rcu_task_cpu_ids=1.
[    0.000000] NR_IRQS: 4352, nr_irqs: 256, preallocated irqs: 16
[    0.000000] rcu: srcu_init: Setting srcu_struct sizes based on contention.
[    0.000000] Console: colour VGA+ 80x25
[    0.000000] printk: legacy console [ttyS0] enabled
[    0.000000] printk: legacy console [ttyS0] enabled
[    0.000000] printk: legacy bootconsole [earlyser0] disabled
[    0.000000] printk: legacy bootconsole [earlyser0] disabled
[    0.000000] ACPI: Core revision 20250404
[    0.000000] clocksource: hpet: mask: 0xffffffff max_cycles: 0xffffffff, max_idle_ns: 19112604467 ns
[    0.001000] BUG: unable to handle page fault for address: ffff8880bc0cc000
[    0.001000] #PF: supervisor read access in kernel mode
[    0.001000] #PF: error_code(0x0000) - not-present page
[    0.001000] PGD 2e01067 P4D 2e01067 PUD 0 
[    0.001000] Oops: Oops: 0000 [#1] SMP PTI
[    0.001000] CPU: 0 UID: 0 PID: 0 Comm: swapper/0 Not tainted 6.16.0-rc3-g17bbbefbf671-dirty #7 PREEMPT(voluntary) 
[    0.001000] Hardware name: QEMU Standard PC (i440FX + PIIX, 1996), BIOS 1.13.0-1ubuntu1.1 04/01/2014
[    0.001000] RIP: 0010:arch_scale_cpu_capacity+0x27/0x50
[    0.001000] Code: 90 90 90 f3 0f 1e fa b8 00 04 00 00 eb 06 2e e9 ff e3 ed 00 f3 0f 1e fa 48 8b 05 04 74 91 01 48 63 cf 48 8b 0c cd c0 fa 67 82 <48> 8b 04 01 2e e9 df e3 ed 00 66 66 66 66 66 66 2e 0f 1f 84 00 00
[    0.001000] RSP: 0000:ffffc90000003ec8 EFLAGS: 00000046
[    0.001000] RAX: 0000000000000000 RBX: ffff88803ec200c0 RCX: ffff8880bc0cc000
[    0.001000] RDX: 0000000000000001 RSI: 00000000000f4240 RDI: 0000000000000000
[    0.001000] RBP: 0000000000000000 R08: 0000000000001fff R09: ffffffff8284f9f0
[    0.001000] R10: 0000000000005ffd R11: 0000000000000004 R12: ffffffff82b48020
[    0.001000] R13: ffff888003045180 R14: 00000000000f4240 R15: ffff888003061428
[    0.001000] FS:  0000000000000000(0000) GS:ffff8880bc0cc000(0000) knlGS:0000000000000000
[    0.001000] CS:  0010 DS: 0000 ES: 0000 CR0: 0000000080050033
[    0.001000] CR2: ffff8880bc0cc000 CR3: 000000000282c000 CR4: 00000000000000b0
[    0.001000] Call Trace:
[    0.001000]  <IRQ>
[    0.001000]  ? update_rq_clock+0x6a/0x130
[    0.001000]  ? sched_tick+0x7a/0x2e0
[    0.001000]  ? update_process_times+0x8a/0xc0
[    0.001000]  ? tick_periodic+0x64/0x80
[    0.001000]  ? tick_handle_periodic+0x1d/0xa0
[    0.001000]  ? timer_interrupt+0x14/0x30
[    0.001000]  ? __handle_irq_event_percpu+0x87/0x140
[    0.001000]  ? handle_irq_event+0x30/0x80
[    0.001000]  ? handle_level_irq+0xf2/0x180
[    0.001000]  ? __common_interrupt+0x3d/0xc0
[    0.001000]  ? common_interrupt+0x7e/0xa0
[    0.001000]  </IRQ>
[    0.001000]  <TASK>
[    0.001000]  ? asm_common_interrupt+0x26/0x40
[    0.001000]  ? mask_and_ack_8259A+0xf0/0xf0
[    0.001000]  ? _raw_spin_unlock_irqrestore+0x17/0x40
[    0.001000]  ? __setup_irq+0x389/0x7a0
[    0.001000]  ? request_threaded_irq+0x120/0x180
[    0.001000]  ? setup_default_timer_irq+0x1f/0x50
[    0.001000]  ? x86_late_time_init+0x1e/0x60
[    0.001000]  ? start_kernel+0x2f8/0x3d0
[    0.001000]  ? x86_64_start_reservations+0x24/0x40
[    0.001000]  ? x86_64_start_kernel+0x142/0x160
[    0.001000]  ? common_startup_64+0x13e/0x157
[    0.001000]  </TASK>
[    0.001000] Modules linked in:
[    0.001000] CR2: ffff8880bc0cc000
[    0.001000] ---[ end trace 0000000000000000 ]---
[    0.001000] RIP: 0010:arch_scale_cpu_capacity+0x27/0x50
[    0.001000] Code: 90 90 90 f3 0f 1e fa b8 00 04 00 00 eb 06 2e e9 ff e3 ed 00 f3 0f 1e fa 48 8b 05 04 74 91 01 48 63 cf 48 8b 0c cd c0 fa 67 82 <48> 8b 04 01 2e e9 df e3 ed 00 66 66 66 66 66 66 2e 0f 1f 84 00 00
[    0.001000] RSP: 0000:ffffc90000003ec8 EFLAGS: 00000046
[    0.001000] RAX: 0000000000000000 RBX: ffff88803ec200c0 RCX: ffff8880bc0cc000
[    0.001000] RDX: 0000000000000001 RSI: 00000000000f4240 RDI: 0000000000000000
[    0.001000] RBP: 0000000000000000 R08: 0000000000001fff R09: ffffffff8284f9f0
[    0.001000] R10: 0000000000005ffd R11: 0000000000000004 R12: ffffffff82b48020
[    0.001000] R13: ffff888003045180 R14: 00000000000f4240 R15: ffff888003061428
[    0.001000] FS:  0000000000000000(0000) GS:ffff8880bc0cc000(0000) knlGS:0000000000000000
[    0.001000] CS:  0010 DS: 0000 ES: 0000 CR0: 0000000080050033
[    0.001000] CR2: ffff8880bc0cc000 CR3: 000000000282c000 CR4: 00000000000000b0
[    0.001000] Kernel panic - not syncing: Fatal exception in interrupt
[    0.001000] ---[ end Kernel panic - not syncing: Fatal exception in interrupt ]---
QEMU 4.2.1 monitor - type 'help' for more information
(qemu) q[K[Dqu[K[D[Dqui[K[D[D[Dquit[K
